kotlin version: 2.2.20
error message: org.jetbrains.kotlin.backend.common.CompilationException: Back-end: Please report this problem https://kotl.in/issue
C:/Users/valen/bakend-JJ/backend-HuellitasCallejeras/src/main/kotlin/domain/models/Models.kt:9:1
Problem with `@Serializable
data class Animalito {
  constructor(id: UUID, nombre: String, peso: Float, raza: String? = null, sexo: String, edad: Int, especie: String, estado: String, fechaSalida: Instant? = null, urlImage: String, rescatista_id: UUID) /* primary */ {
    super/*Any*/()
    /* <init>() */

  }

  @Serializable(with = UUIDSerializer::class)
  val id: UUID
    field = id
    get

  val nombre: String
    field = nombre
    get

  val peso: Float
    field = peso
    get

  val raza: String?
    field = raza
    get

  val sexo: String
    field = sexo
    get

  val edad: Int
    field = edad
    get

  val especie: String
    field = especie
    get

  val estado: String
    field = estado
    get

  @Contextual
  val fechaSalida: Instant?
    field = fechaSalida
    get

  val urlImage: String
    field = urlImage
    get

  val rescatista_id: UUID
    field = rescatista_id
    get

  companion object Companion {
    private constructor() /* primary */ {
      super/*Any*/()
      /* <init>() */

    }

    fun serializer(): KSerializer<Animalito>

    /* fake */ override operator fun equals(other: Any?): Boolean

    /* fake */ override fun hashCode(): Int

    /* fake */ override fun toString(): String

  }

  @Deprecated(message = "This synthesized declaration should not be used directly", level = DeprecationLevel.HIDDEN)
  object $serializer : GeneratedSerializer<Animalito> {
    private constructor() /* primary */ {
      super/*Any*/()
      /* <init>() */

    }

    override fun serialize(encoder: Encoder, value: Animalito)

    override fun deserialize(decoder: Decoder): Animalito

    override val descriptor: SerialDescriptor
      override get

    override fun childSerializers(): Array<KSerializer<*>>

    /* fake */ override fun typeParametersSerializers(): Array<KSerializer<*>>

    /* fake */ override operator fun equals(other: Any?): Boolean

    /* fake */ override fun hashCode(): Int

    /* fake */ override fun toString(): String

  }

  operator fun component1(): UUID {
    return <this>.#id
  }

  operator fun component2(): String {
    return <this>.#nombre
  }

  operator fun component3(): Float {
    return <this>.#peso
  }

  operator fun component4(): String? {
    return <this>.#raza
  }

  operator fun component5(): String {
    return <this>.#sexo
  }

  operator fun component6(): Int {
    return <this>.#edad
  }

  operator fun component7(): String {
    return <this>.#especie
  }

  operator fun component8(): String {
    return <this>.#estado
  }

  operator fun component9(): Instant? {
    return <this>.#fechaSalida
  }

  operator fun component10(): String {
    return <this>.#urlImage
  }

  operator fun component11(): UUID {
    return <this>.#rescatista_id
  }

  fun copy(id: UUID = <this>.#id, nombre: String = <this>.#nombre, peso: Float = <this>.#peso, raza: String? = <this>.#raza, sexo: String = <this>.#sexo, edad: Int = <this>.#edad, especie: String = <this>.#especie, estado: String = <this>.#estado, fechaSalida: Instant? = <this>.#fechaSalida, urlImage: String = <this>.#urlImage, rescatista_id: UUID = <this>.#rescatista_id): Animalito {
    return Animalito(id = id, nombre = nombre, peso = peso, raza = raza, sexo = sexo, edad = edad, especie = especie, estado = estado, fechaSalida = fechaSalida, urlImage = urlImage, rescatista_id = rescatista_id)
  }

  override fun toString(): String {
    return "Animalito(" + "id=" + <this>.#id + ", " + "nombre=" + <this>.#nombre + ", " + "peso=" + <this>.#peso + ", " + "raza=" + <this>.#raza + ", " + "sexo=" + <this>.#sexo + ", " + "edad=" + <this>.#edad + ", " + "especie=" + <this>.#especie + ", " + "estado=" + <this>.#estado + ", " + "fechaSalida=" + <this>.#fechaSalida + ", " + "urlImage=" + <this>.#urlImage + ", " + "rescatista_id=" + <this>.#rescatista_id + ")"
  }

  override fun hashCode(): Int {
    var result: Int = <this>.#id.hashCode()
    result = result.times(other = 31).plus(other = <this>.#nombre.hashCode())
    result = result.times(other = 31).plus(other = <this>.#peso.hashCode())
    result = result.times(other = 31).plus(other = when {
      EQEQ(arg0 = <this>.#raza, arg1 = null) -> 0
      else -> <this>.#raza.hashCode()
    })
    result = result.times(other = 31).plus(other = <this>.#sexo.hashCode())
    result = result.times(other = 31).plus(other = <this>.#edad.hashCode())
    result = result.times(other = 31).plus(other = <this>.#especie.hashCode())
    result = result.times(other = 31).plus(other = <this>.#estado.hashCode())
    result = result.times(other = 31).plus(other = when {
      EQEQ(arg0 = <this>.#fechaSalida, arg1 = null) -> 0
      else -> <this>.#fechaSalida.hashCode()
    })
    result = result.times(other = 31).plus(other = <this>.#urlImage.hashCode())
    result = result.times(other = 31).plus(other = <this>.#rescatista_id.hashCode())
    return result
  }

  override operator fun equals(other: Any?): Boolean {
    when {
      EQEQEQ(arg0 = <this>, arg1 = other) -> return true
    }
    when {
      other !is Animalito -> return false
    }
    val tmp0_other_with_cast: Animalito = other /*as Animalito */
    when {
      EQEQ(arg0 = <this>.#id, arg1 = tmp0_other_with_cast.#id).not() -> return false
    }
    when {
      EQEQ(arg0 = <this>.#nombre, arg1 = tmp0_other_with_cast.#nombre).not() -> return false
    }
    when {
      EQEQ(arg0 = <this>.#peso, arg1 = tmp0_other_with_cast.#peso).not() -> return false
    }
    when {
      EQEQ(arg0 = <this>.#raza, arg1 = tmp0_other_with_cast.#raza).not() -> return false
    }
    when {
      EQEQ(arg0 = <this>.#sexo, arg1 = tmp0_other_with_cast.#sexo).not() -> return false
    }
    when {
      EQEQ(arg0 = <this>.#edad, arg1 = tmp0_other_with_cast.#edad).not() -> return false
    }
    when {
      EQEQ(arg0 = <this>.#especie, arg1 = tmp0_other_with_cast.#especie).not() -> return false
    }
    when {
      EQEQ(arg0 = <this>.#estado, arg1 = tmp0_other_with_cast.#estado).not() -> return false
    }
    when {
      EQEQ(arg0 = <this>.#fechaSalida, arg1 = tmp0_other_with_cast.#fechaSalida).not() -> return false
    }
    when {
      EQEQ(arg0 = <this>.#urlImage, arg1 = tmp0_other_with_cast.#urlImage).not() -> return false
    }
    when {
      EQEQ(arg0 = <this>.#rescatista_id, arg1 = tmp0_other_with_cast.#rescatista_id).not() -> return false
    }
    return true
  }

  @JvmStatic
  internal /* static */ fun write$Self(self: Animalito, output: CompositeEncoder, serialDesc: SerialDescriptor)

  internal constructor(seen0: Int, id: UUID?, nombre: String?, peso: Float, raza: String?, sexo: String?, edad: Int, especie: String?, estado: String?, fechaSalida: Instant?, urlImage: String?, rescatista_id: UUID?, serializationConstructorMarker: SerializationConstructorMarker?)

}

`
Details: kotlinx.serialization compiler plugin internal error: unable to transform declaration, see cause
	at org.jetbrains.kotlinx.serialization.compiler.extensions.SerializerClassLowering.lower(SerializationLoweringExtension.kt:233)
	at org.jetbrains.kotlinx.serialization.compiler.extensions.SerializationLoweringExtensionKt$runOnFileInOrder$1.visitClass(SerializationLoweringExtension.kt:46)
	at org.jetbrains.kotlin.ir.visitors.IrVisitorVoid.visitClass(IrVisitorVoid.kt:44)
	at org.jetbrains.kotlin.ir.visitors.IrVisitorVoid.visitClass(IrVisitorVoid.kt:18)
	at org.jetbrains.kotlin.ir.declarations.IrClass.accept(IrClass.kt:72)
	at org.jetbrains.kotlin.ir.declarations.IrPackageFragment.acceptChildren(IrPackageFragment.kt:27)
	at org.jetbrains.kotlin.ir.visitors.IrVisitorsKt.acceptChildrenVoid(IrVisitors.kt:23)
	at org.jetbrains.kotlinx.serialization.compiler.extensions.SerializationLoweringExtensionKt$runOnFileInOrder$1.visitElement(SerializationLoweringExtension.kt:42)
	at org.jetbrains.kotlin.ir.visitors.IrVisitorVoid.visitPackageFragment(IrVisitorVoid.kt:168)
	at org.jetbrains.kotlin.ir.visitors.IrVisitorVoid.visitFile(IrVisitorVoid.kt:184)
	at org.jetbrains.kotlin.ir.visitors.IrVisitorVoid.visitFile(IrVisitorVoid.kt:180)
	at org.jetbrains.kotlin.ir.visitors.IrVisitorVoid.visitFile(IrVisitorVoid.kt:18)
	at org.jetbrains.kotlin.ir.declarations.IrFile.accept(IrFile.kt:27)
	at org.jetbrains.kotlin.ir.visitors.IrVisitorsKt.acceptVoid(IrVisitors.kt:11)
	at org.jetbrains.kotlinx.serialization.compiler.extensions.SerializationLoweringExtensionKt.runOnFileInOrder(SerializationLoweringExtension.kt:40)
	at org.jetbrains.kotlinx.serialization.compiler.extensions.SerializationLoweringExtension.generate(SerializationLoweringExtension.kt:197)
	at org.jetbrains.kotlin.fir.pipeline.ConvertToIrKt.applyIrGenerationExtensions(convertToIr.kt:498)
	at org.jetbrains.kotlin.fir.pipeline.Fir2IrPipeline.runActualizationPipeline(convertToIr.kt:253)
	at org.jetbrains.kotlin.fir.pipeline.Fir2IrPipeline.convertToIrAndActualize(convertToIr.kt:134)
	at org.jetbrains.kotlin.fir.pipeline.ConvertToIrKt.convertToIrAndActualize(convertToIr.kt:100)
	at org.jetbrains.kotlin.fir.pipeline.ConvertToIrKt.convertToIrAndActualize$default(convertToIr.kt:73)
	at org.jetbrains.kotlin.cli.jvm.compiler.legacy.pipeline.JvmCompilerPipelineKt.convertToIrAndActualizeForJvm(jvmCompilerPipeline.kt:101)
	at org.jetbrains.kotlin.cli.pipeline.jvm.JvmFir2IrPipelinePhase.executePhase(JvmFir2IrPipelinePhase.kt:30)
	at org.jetbrains.kotlin.cli.pipeline.jvm.JvmFir2IrPipelinePhase.executePhase(JvmFir2IrPipelinePhase.kt:25)
	at org.jetbrains.kotlin.cli.pipeline.jvm.JvmFir2IrPipelinePhase.executePhase(JvmFir2IrPipelinePhase.kt:19)
	at org.jetbrains.kotlin.cli.pipeline.PipelinePhase.phaseBody(PipelinePhase.kt:68)
	at org.jetbrains.kotlin.cli.pipeline.PipelinePhase.phaseBody(PipelinePhase.kt:58)
	at org.jetbrains.kotlin.config.phaser.NamedCompilerPhase.invoke(CompilerPhase.kt:102)
	at org.jetbrains.kotlin.backend.common.phaser.CompositePhase.invoke(PhaseBuilders.kt:22)
	at org.jetbrains.kotlin.config.phaser.CompilerPhaseKt.invokeToplevel(CompilerPhase.kt:53)
	at org.jetbrains.kotlin.cli.pipeline.AbstractCliPipeline.runPhasedPipeline(AbstractCliPipeline.kt:109)
	at org.jetbrains.kotlin.cli.pipeline.AbstractCliPipeline.execute(AbstractCliPipeline.kt:68)
	at org.jetbrains.kotlin.cli.jvm.K2JVMCompiler.doExecutePhased(K2JVMCompiler.kt:79)
	at org.jetbrains.kotlin.cli.jvm.K2JVMCompiler.doExecutePhased(K2JVMCompiler.kt:45)
	at org.jetbrains.kotlin.cli.common.CLICompiler.execImpl(CLICompiler.kt:90)
	at org.jetbrains.kotlin.cli.common.CLICompiler.exec(CLICompiler.kt:352)
	at org.jetbrains.kotlin.incremental.IncrementalJvmCompilerRunnerBase.runCompiler(IncrementalJvmCompilerRunnerBase.kt:176)
	at org.jetbrains.kotlin.incremental.IncrementalJvmCompilerRunnerBase.runCompiler(IncrementalJvmCompilerRunnerBase.kt:39)
	at org.jetbrains.kotlin.incremental.IncrementalCompilerRunner.doCompile(IncrementalCompilerRunner.kt:499)
	at org.jetbrains.kotlin.incremental.IncrementalCompilerRunner.compileImpl(IncrementalCompilerRunner.kt:416)
	at org.jetbrains.kotlin.incremental.IncrementalCompilerRunner.tryCompileIncrementally$lambda$0$compile(IncrementalCompilerRunner.kt:249)
	at org.jetbrains.kotlin.incremental.IncrementalCompilerRunner.tryCompileIncrementally(IncrementalCompilerRunner.kt:267)
	at org.jetbrains.kotlin.incremental.IncrementalCompilerRunner.compile(IncrementalCompilerRunner.kt:119)
	at org.jetbrains.kotlin.daemon.CompileServiceImplBase.execIncrementalCompiler(CompileServiceImpl.kt:684)
	at org.jetbrains.kotlin.daemon.CompileServiceImplBase.access$execIncrementalCompiler(CompileServiceImpl.kt:94)
	at org.jetbrains.kotlin.daemon.CompileServiceImpl.compile(CompileServiceImpl.kt:1810)
	at java.base/jdk.internal.reflect.DirectMethodHandleAccessor.invoke(DirectMethodHandleAccessor.java:103)
	at java.base/java.lang.reflect.Method.invoke(Method.java:580)
	at java.rmi/sun.rmi.server.UnicastServerRef.dispatch(UnicastServerRef.java:360)
	at java.rmi/sun.rmi.transport.Transport$1.run(Transport.java:200)
	at java.rmi/sun.rmi.transport.Transport$1.run(Transport.java:197)
	at java.base/java.security.AccessController.doPrivileged(AccessController.java:714)
	at java.rmi/sun.rmi.transport.Transport.serviceCall(Transport.java:196)
	at java.rmi/sun.rmi.transport.tcp.TCPTransport.handleMessages(TCPTransport.java:598)
	at java.rmi/sun.rmi.transport.tcp.TCPTransport$ConnectionHandler.run0(TCPTransport.java:844)
	at java.rmi/sun.rmi.transport.tcp.TCPTransport$ConnectionHandler.lambda$run$0(TCPTransport.java:721)
	at java.base/java.security.AccessController.doPrivileged(AccessController.java:400)
	at java.rmi/sun.rmi.transport.tcp.TCPTransport$ConnectionHandler.run(TCPTransport.java:720)
	at java.base/java.util.concurrent.ThreadPoolExecutor.runWorker(ThreadPoolExecutor.java:1144)
	at java.base/java.util.concurrent.ThreadPoolExecutor$Worker.run(ThreadPoolExecutor.java:642)
	at java.base/java.lang.Thread.run(Thread.java:1583)
Caused by: java.lang.IllegalStateException: Serializer for element of type java.util.UUID has not been found
	at org.jetbrains.kotlinx.serialization.compiler.backend.ir.SerializerSearchUtilKt.findTypeSerializerOrContext(SerializerSearchUtil.kt:85)
	at org.jetbrains.kotlinx.serialization.compiler.backend.ir.SerializerSearchUtilKt.getIrSerialTypeInfo(SerializerSearchUtil.kt:64)
	at org.jetbrains.kotlinx.serialization.compiler.backend.ir.BaseIrGenerator.cacheableChildSerializerInstance(BaseIrGenerator.kt:473)
	at org.jetbrains.kotlinx.serialization.compiler.backend.ir.BaseIrGenerator.createCachedChildSerializers(BaseIrGenerator.kt:465)
	at org.jetbrains.kotlinx.serialization.compiler.backend.ir.SerializableIrGenerator.<init>(SerializableIrGenerator.kt:62)
	at org.jetbrains.kotlinx.serialization.compiler.backend.ir.SerializableIrGenerator$Companion.generate(SerializableIrGenerator.kt:407)
	at org.jetbrains.kotlinx.serialization.compiler.extensions.SerializerClassLowering.lower(SerializationLoweringExtension.kt:149)
	... 60 more


